1780827693 4 4
1780827694 4 2
1780827695 3 0
1780827696 3 0
1780827698 3 0
1780827699 3 0
1780827700 3 0
1780827701 3 0
1780827702 3 0
1780827704 3 0
1780827705 3 0
1780827706 3 0
1780827707 3 0
1780827708 3 0
1780827710 3 0
1780827711 3 0
1780827712 3 0
1780827713 3 0
1780827714 3 0
1780827716 3 0
1780827717 3 0
1780827718 3 0
1780827719 3 0
1780827720 3 0
1780827721 3 0
1780827723 3 0
1780827724 3 0
1780827725 3 0
1780827726 3 0
1780827727 3 0
1780827728 4 4
1780827729 4 4
1780827730 4 4
1780827732 4 4
1780827733 4 4
1780827734 4 4
1780827735 4 4
1780827736 4 4
1780827737 4 4
